============================= test session starts =============================
platform win32 -- Python 3.10.6, pytest-9.0.1, pluggy-1.6.0
rootdir: C:\Users\tange\Desktop\all_project\py for NKNU GA\AI_AGENT_LAB
configfile: pytest.ini
testpaths: tests
plugins: anyio-4.11.0, cov-7.0.0, timeout-2.4.0
collected 144 items

tests\test_api.py .........................                              [ 17%]
tests\test_api_full.py ..........                                        [ 24%]
tests\test_audit_handler.py .....                                        [ 27%]
tests\test_classifier.py ............                                    [ 36%]
tests\test_engine.py .......................                             [ 52%]
tests\test_integration.py ......                                         [ 56%]
tests\test_job_repository.py ...........                                 [ 63%]
tests\test_job_state_machine.py ........                                 [ 69%]
tests\test_manual_correction.py ....                                     [ 72%]
tests\test_processing.py .........                                       [ 78%]
tests\test_qr_handler.py .......                                         [ 83%]
tests\test_rapidocr_handler.py ......                                    [ 87%]
tests\test_receipt_processor.py ....                                     [ 90%]
tests\test_utils.py .........                                            [ 96%]
tests\test_vision_handler.py .....                                       [100%]

============================= 144 passed in 8.03s =============================
